// Jest Snapshot v1, https://goo.gl/fbAQLP

exports[`renders correctly 1`] = `
<View
  style={
    Object {
      "alignItems": "center",
      "height": null,
      "width": 600,
    }
  }
>
  <Text
    style={
      Object {
        "color": "#ffffff",
        "fontSize": 33.65552620959067,
        "fontWeight": "700",
        "paddingBottom": 10,
      }
    }
  >
     
  </Text>
  <View
    accessible={true}
    collapsable={false}
    focusable={true}
    nativeID="animatedComponent"
    onClick={[Function]}
    onResponderGrant={[Function]}
    onResponderMove={[Function]}
    onResponderRelease={[Function]}
    onResponderTerminate={[Function]}
    onResponderTerminationRequest={[Function]}
    onStartShouldSetResponder={[Function]}
    style={
      Object {
        "alignItems": "center",
        "height": 80.03999999999999,
        "marginTop": 26.68,
        "opacity": 1,
        "overflow": "hidden",
        "width": "100%",
      }
    }
  >
    <Image
      resizeMode="contain"
      source={
        Object {
          "testUri": "../../../src/assets/images/bar_5_grey.png",
        }
      }
      style={
        Object {
          "flex": 1,
        }
      }
    />
  </View>
  <View
    accessible={true}
    collapsable={false}
    focusable={true}
    nativeID="animatedComponent"
    onClick={[Function]}
    onResponderGrant={[Function]}
    onResponderMove={[Function]}
    onResponderRelease={[Function]}
    onResponderTerminate={[Function]}
    onResponderTerminationRequest={[Function]}
    onStartShouldSetResponder={[Function]}
    style={
      Object {
        "alignItems": "center",
        "height": 80.03999999999999,
        "marginTop": 26.68,
        "opacity": 1,
        "overflow": "hidden",
        "width": "80%",
      }
    }
  >
    <Image
      resizeMode="contain"
      source={
        Object {
          "testUri": "../../../src/assets/images/bar_4_grey.png",
        }
      }
      style={
        Object {
          "flex": 1,
        }
      }
    />
  </View>
  <View
    accessible={true}
    collapsable={false}
    focusable={true}
    nativeID="animatedComponent"
    onClick={[Function]}
    onResponderGrant={[Function]}
    onResponderMove={[Function]}
    onResponderRelease={[Function]}
    onResponderTerminate={[Function]}
    onResponderTerminationRequest={[Function]}
    onStartShouldSetResponder={[Function]}
    style={
      Object {
        "alignItems": "center",
        "height": 80.03999999999999,
        "marginTop": 26.68,
        "opacity": 1,
        "overflow": "hidden",
        "width": "60%",
      }
    }
  >
    <Image
      resizeMode="contain"
      source={
        Object {
          "testUri": "../../../src/assets/images/bar_3_grey.png",
        }
      }
      style={
        Object {
          "flex": 1,
        }
      }
    />
  </View>
  <View
    accessible={true}
    collapsable={false}
    focusable={true}
    nativeID="animatedComponent"
    onClick={[Function]}
    onResponderGrant={[Function]}
    onResponderMove={[Function]}
    onResponderRelease={[Function]}
    onResponderTerminate={[Function]}
    onResponderTerminationRequest={[Function]}
    onStartShouldSetResponder={[Function]}
    style={
      Object {
        "alignItems": "center",
        "height": 80.03999999999999,
        "marginTop": 26.68,
        "opacity": 1,
        "overflow": "hidden",
        "width": "40%",
      }
    }
  >
    <Image
      resizeMode="contain"
      source={
        Object {
          "testUri": "../../../src/assets/images/bar_2_grey.png",
        }
      }
      style={
        Object {
          "flex": 1,
        }
      }
    />
  </View>
  <View
    accessible={true}
    collapsable={false}
    focusable={true}
    nativeID="animatedComponent"
    onClick={[Function]}
    onResponderGrant={[Function]}
    onResponderMove={[Function]}
    onResponderRelease={[Function]}
    onResponderTerminate={[Function]}
    onResponderTerminationRequest={[Function]}
    onStartShouldSetResponder={[Function]}
    style={
      Object {
        "alignItems": "center",
        "height": 80.03999999999999,
        "marginTop": 26.68,
        "opacity": 1,
        "overflow": "hidden",
        "width": "20%",
      }
    }
  >
    <Image
      resizeMode="contain"
      source={
        Object {
          "testUri": "../../../src/assets/images/bar_1_grey.png",
        }
      }
      style={
        Object {
          "flex": 1,
        }
      }
    />
  </View>
</View>
`;
